Copyright 1986-2022 Xilinx, Inc. All Rights Reserved.
----------------------------------------------------------------------------------------------------------------------------------
| Tool Version     : Vivado v.2022.2 (lin64) Build 3671981 Fri Oct 14 04:59:54 MDT 2022
| Date             : Wed Jul 12 21:29:08 2023
| Host             : desktop02 running 64-bit Ubuntu 18.04.6 LTS
| Command          : report_power -file fpga_power_routed.rpt -pb fpga_power_summary_routed.pb -rpx fpga_power_routed.rpx
| Design           : fpga
| Device           : xcu250-figd2104-2-e
| Design State     : routed
| Grade            : extended
| Process          : typical
| Characterization : Production
----------------------------------------------------------------------------------------------------------------------------------

Power Report

Table of Contents
-----------------
1. Summary
1.1 On-Chip Components
1.2 Power Supply Summary
1.3 Confidence Level
2. Settings
2.1 Environment
2.2 Clock Constraints
3. Detailed Reports
3.1 By Hierarchy

1. Summary
----------

+--------------------------+---------------+
| Total On-Chip Power (W)  | 17.614        |
| Design Power Budget (W)  | 160.000       |
| Power Budget Margin (W)  | 142.386 (MET) |
| Dynamic (W)              | 14.224        |
| Device Static (W)        | 3.390         |
| Effective TJA (C/W)      | 0.5           |
| Max Ambient (C)          | 90.8          |
| Junction Temperature (C) | 34.2          |
| Confidence Level         | Low           |
| Setting File             | ---           |
| Simulation Activity File | ---           |
| Design Nets Matched      | NA            |
+--------------------------+---------------+


1.1 On-Chip Components
----------------------

+--------------------------+-----------+----------+-----------+-----------------+
| On-Chip                  | Power (W) | Used     | Available | Utilization (%) |
+--------------------------+-----------+----------+-----------+-----------------+
| Clocks                   |     1.080 |       80 |       --- |             --- |
| CLB Logic                |     1.101 |   248051 |       --- |             --- |
|   LUT as Distributed RAM |     0.498 |    13141 |    791040 |            1.66 |
|   LUT as Logic           |     0.481 |    67742 |   1728000 |            3.92 |
|   Register               |     0.091 |   130603 |   3456000 |            3.78 |
|   CARRY8                 |     0.016 |     1700 |    216000 |            0.79 |
|   LUT as Shift Register  |     0.015 |     1279 |    791040 |            0.16 |
|   BUFG                   |    <0.001 |        2 |       128 |            1.56 |
|   Others                 |    <0.001 |     3379 |       --- |             --- |
|   F7/F8 Muxes            |     0.000 |     1310 |   1728000 |            0.08 |
| Signals                  |     1.939 |   210604 |       --- |             --- |
| Block RAM                |     1.420 |      331 |      2688 |           12.31 |
| URAM                     |     0.393 |       37 |      1280 |            2.89 |
| MMCM                     |     0.000 |        0 |       --- |             --- |
| DSPs                     |    <0.001 |        4 |     12288 |            0.03 |
| I/O                      |     0.024 |      144 |       676 |           21.30 |
| GTY                      |     7.011 |       24 |        24 |          100.00 |
| Hard IPs                 |     1.255 |        3 |       --- |             --- |
|   CMAC                   |     0.864 |        2 |       --- |             --- |
|   PCIE                   |     0.391 |        1 |       --- |             --- |
| Static Power             |     3.390 |          |           |                 |
| Total                    |    17.614 |          |           |                 |
+--------------------------+-----------+----------+-----------+-----------------+


1.2 Power Supply Summary
------------------------

+------------+-------------+-----------+-------------+------------+-------------+-------------+------------+
| Source     | Voltage (V) | Total (A) | Dynamic (A) | Static (A) | Powerup (A) | Budget (A)  | Margin (A) |
+------------+-------------+-----------+-------------+------------+-------------+-------------+------------+
| Vccint     |       0.850 |    10.826 |       9.273 |      1.553 |       NA    | Unspecified | NA         |
| Vccint_io  |       0.850 |     0.150 |       0.003 |      0.148 |       NA    | Unspecified | NA         |
| Vccbram    |       0.850 |     0.202 |       0.174 |      0.028 |       NA    | Unspecified | NA         |
| Vccaux     |       1.800 |     0.860 |       0.000 |      0.860 |       NA    | Unspecified | NA         |
| Vccaux_io  |       1.800 |     0.116 |       0.012 |      0.104 |       NA    | Unspecified | NA         |
| Vcco33     |       3.300 |     0.000 |       0.000 |      0.000 |       NA    | Unspecified | NA         |
| Vcco25     |       2.500 |     0.000 |       0.000 |      0.000 |       NA    | Unspecified | NA         |
| Vcco18     |       1.800 |     0.000 |       0.000 |      0.000 |       NA    | Unspecified | NA         |
| Vcco15     |       1.500 |     0.000 |       0.000 |      0.000 |       NA    | Unspecified | NA         |
| Vcco135    |       1.350 |     0.000 |       0.000 |      0.000 |       NA    | Unspecified | NA         |
| Vcco12     |       1.200 |     0.001 |       0.001 |      0.000 |       NA    | Unspecified | NA         |
| Vcco10     |       1.000 |     0.000 |       0.000 |      0.000 |       NA    | Unspecified | NA         |
| Vccadc     |       1.800 |     0.032 |       0.000 |      0.032 |       NA    | Unspecified | NA         |
| MGTYAVcc   |       0.900 |     1.303 |       1.218 |      0.084 |       NA    | Unspecified | NA         |
| MGTYAVtt   |       1.200 |     4.054 |       4.018 |      0.036 |       NA    | Unspecified | NA         |
| MGTYVccaux |       1.800 |     0.144 |       0.140 |      0.004 |       NA    | Unspecified | NA         |
+------------+-------------+-----------+-------------+------------+-------------+-------------+------------+


1.3 Confidence Level
--------------------

+-----------------------------+------------+--------------------------------------------------------+------------------------------------------------------------------------------------------------------------+
| User Input Data             | Confidence | Details                                                | Action                                                                                                     |
+-----------------------------+------------+--------------------------------------------------------+------------------------------------------------------------------------------------------------------------+
| Design implementation state | High       | Design is routed                                       |                                                                                                            |
| Clock nodes activity        | High       | User specified more than 95% of clocks                 |                                                                                                            |
| I/O nodes activity          | Low        | More than 75% of inputs are missing user specification | Provide missing input activity with simulation results or by editing the "By Resource Type -> I/Os" view   |
| Internal nodes activity     | Medium     | User specified less than 25% of internal nodes         | Provide missing internal nodes activity with simulation results or by editing the "By Resource Type" views |
| Device models               | High       | Device models are Production                           |                                                                                                            |
|                             |            |                                                        |                                                                                                            |
| Overall confidence level    | Low        |                                                        |                                                                                                            |
+-----------------------------+------------+--------------------------------------------------------+------------------------------------------------------------------------------------------------------------+


2. Settings
-----------

2.1 Environment
---------------

+-----------------------+--------------------------+
| Ambient Temp (C)      | 25.0                     |
| ThetaJA (C/W)         | 0.5                      |
| Airflow (LFM)         | 250                      |
| Heat Sink             | medium (Medium Profile)  |
| ThetaSA (C/W)         | 0.7                      |
| Board Selection       | medium (10"x10")         |
| # of Board Layers     | 12to15 (12 to 15 Layers) |
| Board Temperature (C) | 25.0                     |
+-----------------------+--------------------------+


2.2 Clock Constraints
---------------------

+----------------------------------------------------------------------------------------------------------------------------------------------------------------------------------------------------------------------------------------------------------------------------------------------------------------------------------------------------------------------------------------------------------------------------+-------------------------------------------------------------------------------------------------------------------------------------------------------------------------------------------------------------------------------------------------------------------------------------------------------------------------------------------------------------------------------------------------------------+-----------------+
| Clock                                                                                                                                                                                                                                                                                                                                                                                                                      | Domain                                                                                                                                                                                                                                                                                                                                                                                                      | Constraint (ns) |
+----------------------------------------------------------------------------------------------------------------------------------------------------------------------------------------------------------------------------------------------------------------------------------------------------------------------------------------------------------------------------------------------------------------------------+-------------------------------------------------------------------------------------------------------------------------------------------------------------------------------------------------------------------------------------------------------------------------------------------------------------------------------------------------------------------------------------------------------------+-----------------+
| GTYE4_CHANNEL_QPLL0CLK[0]                                                                                                                                                                                                                                                                                                                                                                                                  | pcie4_uscale_plus_inst/inst/pcie4_uscale_plus_0_gt_top_i/diablo_gt.diablo_gt_phy_wrapper/gt_wizard.gtwizard_top_i/pcie4_uscale_plus_0_gt_i/inst/gen_gtwizard_gtye4_top.pcie4_uscale_plus_0_gt_gtwizard_gtye4_inst/gen_gtwizard_gtye4.gen_common.gen_common_container[28].gen_enabled_common.gtye4_common_wrapper_inst/common_inst/GTYE4_CHANNEL_QPLL0CLK[0]                                                 |             0.2 |
| GTYE4_CHANNEL_QPLL0CLK[0]_1                                                                                                                                                                                                                                                                                                                                                                                                | pcie4_uscale_plus_inst/inst/pcie4_uscale_plus_0_gt_top_i/diablo_gt.diablo_gt_phy_wrapper/gt_wizard.gtwizard_top_i/pcie4_uscale_plus_0_gt_i/inst/gen_gtwizard_gtye4_top.pcie4_uscale_plus_0_gt_gtwizard_gtye4_inst/gen_gtwizard_gtye4.gen_common.gen_common_container[29].gen_enabled_common.gtye4_common_wrapper_inst/common_inst/GTYE4_CHANNEL_QPLL0CLK[0]                                                 |             0.2 |
| GTYE4_CHANNEL_QPLL0CLK[0]_2                                                                                                                                                                                                                                                                                                                                                                                                | pcie4_uscale_plus_inst/inst/pcie4_uscale_plus_0_gt_top_i/diablo_gt.diablo_gt_phy_wrapper/gt_wizard.gtwizard_top_i/pcie4_uscale_plus_0_gt_i/inst/gen_gtwizard_gtye4_top.pcie4_uscale_plus_0_gt_gtwizard_gtye4_inst/gen_gtwizard_gtye4.gen_common.gen_common_container[30].gen_enabled_common.gtye4_common_wrapper_inst/common_inst/GTYE4_CHANNEL_QPLL0CLK[0]                                                 |             0.2 |
| GTYE4_CHANNEL_QPLL0CLK[0]_3                                                                                                                                                                                                                                                                                                                                                                                                | pcie4_uscale_plus_inst/inst/pcie4_uscale_plus_0_gt_top_i/diablo_gt.diablo_gt_phy_wrapper/gt_wizard.gtwizard_top_i/pcie4_uscale_plus_0_gt_i/inst/gen_gtwizard_gtye4_top.pcie4_uscale_plus_0_gt_gtwizard_gtye4_inst/gen_gtwizard_gtye4.gen_common.gen_common_container[31].gen_enabled_common.gtye4_common_wrapper_inst/common_inst/GTYE4_CHANNEL_QPLL0CLK[0]                                                 |             0.2 |
| GTYE4_CHANNEL_QPLL0REFCLK[0]                                                                                                                                                                                                                                                                                                                                                                                               | pcie4_uscale_plus_inst/inst/pcie4_uscale_plus_0_gt_top_i/diablo_gt.diablo_gt_phy_wrapper/gt_wizard.gtwizard_top_i/pcie4_uscale_plus_0_gt_i/inst/gen_gtwizard_gtye4_top.pcie4_uscale_plus_0_gt_gtwizard_gtye4_inst/gen_gtwizard_gtye4.gen_common.gen_common_container[28].gen_enabled_common.gtye4_common_wrapper_inst/common_inst/GTYE4_CHANNEL_QPLL0REFCLK[0]                                              |            10.0 |
| GTYE4_CHANNEL_QPLL0REFCLK[0]_1                                                                                                                                                                                                                                                                                                                                                                                             | pcie4_uscale_plus_inst/inst/pcie4_uscale_plus_0_gt_top_i/diablo_gt.diablo_gt_phy_wrapper/gt_wizard.gtwizard_top_i/pcie4_uscale_plus_0_gt_i/inst/gen_gtwizard_gtye4_top.pcie4_uscale_plus_0_gt_gtwizard_gtye4_inst/gen_gtwizard_gtye4.gen_common.gen_common_container[29].gen_enabled_common.gtye4_common_wrapper_inst/common_inst/GTYE4_CHANNEL_QPLL0REFCLK[0]                                              |            10.0 |
| GTYE4_CHANNEL_QPLL0REFCLK[0]_2                                                                                                                                                                                                                                                                                                                                                                                             | pcie4_uscale_plus_inst/inst/pcie4_uscale_plus_0_gt_top_i/diablo_gt.diablo_gt_phy_wrapper/gt_wizard.gtwizard_top_i/pcie4_uscale_plus_0_gt_i/inst/gen_gtwizard_gtye4_top.pcie4_uscale_plus_0_gt_gtwizard_gtye4_inst/gen_gtwizard_gtye4.gen_common.gen_common_container[30].gen_enabled_common.gtye4_common_wrapper_inst/common_inst/GTYE4_CHANNEL_QPLL0REFCLK[0]                                              |            10.0 |
| GTYE4_CHANNEL_QPLL0REFCLK[0]_3                                                                                                                                                                                                                                                                                                                                                                                             | pcie4_uscale_plus_inst/inst/pcie4_uscale_plus_0_gt_top_i/diablo_gt.diablo_gt_phy_wrapper/gt_wizard.gtwizard_top_i/pcie4_uscale_plus_0_gt_i/inst/gen_gtwizard_gtye4_top.pcie4_uscale_plus_0_gt_gtwizard_gtye4_inst/gen_gtwizard_gtye4.gen_common.gen_common_container[31].gen_enabled_common.gtye4_common_wrapper_inst/common_inst/GTYE4_CHANNEL_QPLL0REFCLK[0]                                              |            10.0 |
| GTYE4_CHANNEL_QPLL1CLK[0]                                                                                                                                                                                                                                                                                                                                                                                                  | pcie4_uscale_plus_inst/inst/pcie4_uscale_plus_0_gt_top_i/diablo_gt.diablo_gt_phy_wrapper/gt_wizard.gtwizard_top_i/pcie4_uscale_plus_0_gt_i/inst/gen_gtwizard_gtye4_top.pcie4_uscale_plus_0_gt_gtwizard_gtye4_inst/gen_gtwizard_gtye4.gen_common.gen_common_container[28].gen_enabled_common.gtye4_common_wrapper_inst/common_inst/GTYE4_CHANNEL_QPLL1CLK[0]                                                 |             0.2 |
| GTYE4_CHANNEL_QPLL1CLK[0]_1                                                                                                                                                                                                                                                                                                                                                                                                | pcie4_uscale_plus_inst/inst/pcie4_uscale_plus_0_gt_top_i/diablo_gt.diablo_gt_phy_wrapper/gt_wizard.gtwizard_top_i/pcie4_uscale_plus_0_gt_i/inst/gen_gtwizard_gtye4_top.pcie4_uscale_plus_0_gt_gtwizard_gtye4_inst/gen_gtwizard_gtye4.gen_common.gen_common_container[29].gen_enabled_common.gtye4_common_wrapper_inst/common_inst/GTYE4_CHANNEL_QPLL1CLK[0]                                                 |             0.2 |
| GTYE4_CHANNEL_QPLL1CLK[0]_2                                                                                                                                                                                                                                                                                                                                                                                                | pcie4_uscale_plus_inst/inst/pcie4_uscale_plus_0_gt_top_i/diablo_gt.diablo_gt_phy_wrapper/gt_wizard.gtwizard_top_i/pcie4_uscale_plus_0_gt_i/inst/gen_gtwizard_gtye4_top.pcie4_uscale_plus_0_gt_gtwizard_gtye4_inst/gen_gtwizard_gtye4.gen_common.gen_common_container[30].gen_enabled_common.gtye4_common_wrapper_inst/common_inst/GTYE4_CHANNEL_QPLL1CLK[0]                                                 |             0.2 |
| GTYE4_CHANNEL_QPLL1CLK[0]_3                                                                                                                                                                                                                                                                                                                                                                                                | pcie4_uscale_plus_inst/inst/pcie4_uscale_plus_0_gt_top_i/diablo_gt.diablo_gt_phy_wrapper/gt_wizard.gtwizard_top_i/pcie4_uscale_plus_0_gt_i/inst/gen_gtwizard_gtye4_top.pcie4_uscale_plus_0_gt_gtwizard_gtye4_inst/gen_gtwizard_gtye4.gen_common.gen_common_container[31].gen_enabled_common.gtye4_common_wrapper_inst/common_inst/GTYE4_CHANNEL_QPLL1CLK[0]                                                 |             0.2 |
| GTYE4_CHANNEL_QPLL1REFCLK[0]                                                                                                                                                                                                                                                                                                                                                                                               | pcie4_uscale_plus_inst/inst/pcie4_uscale_plus_0_gt_top_i/diablo_gt.diablo_gt_phy_wrapper/gt_wizard.gtwizard_top_i/pcie4_uscale_plus_0_gt_i/inst/gen_gtwizard_gtye4_top.pcie4_uscale_plus_0_gt_gtwizard_gtye4_inst/gen_gtwizard_gtye4.gen_common.gen_common_container[28].gen_enabled_common.gtye4_common_wrapper_inst/common_inst/GTYE4_CHANNEL_QPLL1REFCLK[0]                                              |            10.0 |
| GTYE4_CHANNEL_QPLL1REFCLK[0]_1                                                                                                                                                                                                                                                                                                                                                                                             | pcie4_uscale_plus_inst/inst/pcie4_uscale_plus_0_gt_top_i/diablo_gt.diablo_gt_phy_wrapper/gt_wizard.gtwizard_top_i/pcie4_uscale_plus_0_gt_i/inst/gen_gtwizard_gtye4_top.pcie4_uscale_plus_0_gt_gtwizard_gtye4_inst/gen_gtwizard_gtye4.gen_common.gen_common_container[29].gen_enabled_common.gtye4_common_wrapper_inst/common_inst/GTYE4_CHANNEL_QPLL1REFCLK[0]                                              |            10.0 |
| GTYE4_CHANNEL_QPLL1REFCLK[0]_2                                                                                                                                                                                                                                                                                                                                                                                             | pcie4_uscale_plus_inst/inst/pcie4_uscale_plus_0_gt_top_i/diablo_gt.diablo_gt_phy_wrapper/gt_wizard.gtwizard_top_i/pcie4_uscale_plus_0_gt_i/inst/gen_gtwizard_gtye4_top.pcie4_uscale_plus_0_gt_gtwizard_gtye4_inst/gen_gtwizard_gtye4.gen_common.gen_common_container[30].gen_enabled_common.gtye4_common_wrapper_inst/common_inst/GTYE4_CHANNEL_QPLL1REFCLK[0]                                              |            10.0 |
| GTYE4_CHANNEL_QPLL1REFCLK[0]_3                                                                                                                                                                                                                                                                                                                                                                                             | pcie4_uscale_plus_inst/inst/pcie4_uscale_plus_0_gt_top_i/diablo_gt.diablo_gt_phy_wrapper/gt_wizard.gtwizard_top_i/pcie4_uscale_plus_0_gt_i/inst/gen_gtwizard_gtye4_top.pcie4_uscale_plus_0_gt_gtwizard_gtye4_inst/gen_gtwizard_gtye4.gen_common.gen_common_container[31].gen_enabled_common.gtye4_common_wrapper_inst/common_inst/GTYE4_CHANNEL_QPLL1REFCLK[0]                                              |            10.0 |
| GTYE4_CHANNEL_TXOUTCLK[0]                                                                                                                                                                                                                                                                                                                                                                                                  | pcie4_uscale_plus_inst/inst/pcie4_uscale_plus_0_gt_top_i/diablo_gt.diablo_gt_phy_wrapper/gt_wizard.gtwizard_top_i/pcie4_uscale_plus_0_gt_i/inst/gen_gtwizard_gtye4_top.pcie4_uscale_plus_0_gt_gtwizard_gtye4_inst/gen_gtwizard_gtye4.gen_channel_container[28].gen_enabled_channel.gtye4_channel_wrapper_inst/channel_inst/GTYE4_CHANNEL_TXOUTCLK[0]                                                        |             2.0 |
| GTYE4_CHANNEL_TXOUTCLK[0]_1                                                                                                                                                                                                                                                                                                                                                                                                | pcie4_uscale_plus_inst/inst/pcie4_uscale_plus_0_gt_top_i/diablo_gt.diablo_gt_phy_wrapper/gt_wizard.gtwizard_top_i/pcie4_uscale_plus_0_gt_i/inst/gen_gtwizard_gtye4_top.pcie4_uscale_plus_0_gt_gtwizard_gtye4_inst/gen_gtwizard_gtye4.gen_channel_container[29].gen_enabled_channel.gtye4_channel_wrapper_inst/channel_inst/GTYE4_CHANNEL_TXOUTCLK[0]                                                        |             2.0 |
| GTYE4_CHANNEL_TXOUTCLK[0]_2                                                                                                                                                                                                                                                                                                                                                                                                | pcie4_uscale_plus_inst/inst/pcie4_uscale_plus_0_gt_top_i/diablo_gt.diablo_gt_phy_wrapper/gt_wizard.gtwizard_top_i/pcie4_uscale_plus_0_gt_i/inst/gen_gtwizard_gtye4_top.pcie4_uscale_plus_0_gt_gtwizard_gtye4_inst/gen_gtwizard_gtye4.gen_channel_container[30].gen_enabled_channel.gtye4_channel_wrapper_inst/channel_inst/GTYE4_CHANNEL_TXOUTCLK[0]                                                        |             2.0 |
| GTYE4_CHANNEL_TXOUTCLK[0]_3                                                                                                                                                                                                                                                                                                                                                                                                | pcie4_uscale_plus_inst/inst/pcie4_uscale_plus_0_gt_top_i/diablo_gt.diablo_gt_phy_wrapper/gt_wizard.gtwizard_top_i/pcie4_uscale_plus_0_gt_i/inst/gen_gtwizard_gtye4_top.pcie4_uscale_plus_0_gt_gtwizard_gtye4_inst/gen_gtwizard_gtye4.gen_channel_container[31].gen_enabled_channel.gtye4_channel_wrapper_inst/channel_inst/GTYE4_CHANNEL_TXOUTCLK[0]                                                        |             2.0 |
| GTYE4_CHANNEL_TXOUTCLK[1]                                                                                                                                                                                                                                                                                                                                                                                                  | pcie4_uscale_plus_inst/inst/pcie4_uscale_plus_0_gt_top_i/diablo_gt.diablo_gt_phy_wrapper/gt_wizard.gtwizard_top_i/pcie4_uscale_plus_0_gt_i/inst/gen_gtwizard_gtye4_top.pcie4_uscale_plus_0_gt_gtwizard_gtye4_inst/gen_gtwizard_gtye4.gen_channel_container[28].gen_enabled_channel.gtye4_channel_wrapper_inst/channel_inst/GTYE4_CHANNEL_TXOUTCLK[1]                                                        |             2.0 |
| GTYE4_CHANNEL_TXOUTCLK[1]_1                                                                                                                                                                                                                                                                                                                                                                                                | pcie4_uscale_plus_inst/inst/pcie4_uscale_plus_0_gt_top_i/diablo_gt.diablo_gt_phy_wrapper/gt_wizard.gtwizard_top_i/pcie4_uscale_plus_0_gt_i/inst/gen_gtwizard_gtye4_top.pcie4_uscale_plus_0_gt_gtwizard_gtye4_inst/gen_gtwizard_gtye4.gen_channel_container[29].gen_enabled_channel.gtye4_channel_wrapper_inst/channel_inst/GTYE4_CHANNEL_TXOUTCLK[1]                                                        |             2.0 |
| GTYE4_CHANNEL_TXOUTCLK[1]_2                                                                                                                                                                                                                                                                                                                                                                                                | pcie4_uscale_plus_inst/inst/pcie4_uscale_plus_0_gt_top_i/diablo_gt.diablo_gt_phy_wrapper/gt_wizard.gtwizard_top_i/pcie4_uscale_plus_0_gt_i/inst/gen_gtwizard_gtye4_top.pcie4_uscale_plus_0_gt_gtwizard_gtye4_inst/gen_gtwizard_gtye4.gen_channel_container[30].gen_enabled_channel.gtye4_channel_wrapper_inst/channel_inst/GTYE4_CHANNEL_TXOUTCLK[1]                                                        |             2.0 |
| GTYE4_CHANNEL_TXOUTCLK[1]_3                                                                                                                                                                                                                                                                                                                                                                                                | pcie4_uscale_plus_inst/inst/pcie4_uscale_plus_0_gt_top_i/diablo_gt.diablo_gt_phy_wrapper/gt_wizard.gtwizard_top_i/pcie4_uscale_plus_0_gt_i/inst/gen_gtwizard_gtye4_top.pcie4_uscale_plus_0_gt_gtwizard_gtye4_inst/gen_gtwizard_gtye4.gen_channel_container[31].gen_enabled_channel.gtye4_channel_wrapper_inst/channel_inst/GTYE4_CHANNEL_TXOUTCLK[1]                                                        |             2.0 |
| GTYE4_CHANNEL_TXOUTCLK[2]                                                                                                                                                                                                                                                                                                                                                                                                  | pcie4_uscale_plus_inst/inst/pcie4_uscale_plus_0_gt_top_i/diablo_gt.diablo_gt_phy_wrapper/gt_wizard.gtwizard_top_i/pcie4_uscale_plus_0_gt_i/inst/gen_gtwizard_gtye4_top.pcie4_uscale_plus_0_gt_gtwizard_gtye4_inst/gen_gtwizard_gtye4.gen_channel_container[28].gen_enabled_channel.gtye4_channel_wrapper_inst/channel_inst/GTYE4_CHANNEL_TXOUTCLK[2]                                                        |             2.0 |
| GTYE4_CHANNEL_TXOUTCLK[2]_1                                                                                                                                                                                                                                                                                                                                                                                                | pcie4_uscale_plus_inst/inst/pcie4_uscale_plus_0_gt_top_i/diablo_gt.diablo_gt_phy_wrapper/gt_wizard.gtwizard_top_i/pcie4_uscale_plus_0_gt_i/inst/gen_gtwizard_gtye4_top.pcie4_uscale_plus_0_gt_gtwizard_gtye4_inst/gen_gtwizard_gtye4.gen_channel_container[29].gen_enabled_channel.gtye4_channel_wrapper_inst/channel_inst/GTYE4_CHANNEL_TXOUTCLK[2]                                                        |             2.0 |
| GTYE4_CHANNEL_TXOUTCLK[2]_2                                                                                                                                                                                                                                                                                                                                                                                                | pcie4_uscale_plus_inst/inst/pcie4_uscale_plus_0_gt_top_i/diablo_gt.diablo_gt_phy_wrapper/gt_wizard.gtwizard_top_i/pcie4_uscale_plus_0_gt_i/inst/gen_gtwizard_gtye4_top.pcie4_uscale_plus_0_gt_gtwizard_gtye4_inst/gen_gtwizard_gtye4.gen_channel_container[30].gen_enabled_channel.gtye4_channel_wrapper_inst/channel_inst/GTYE4_CHANNEL_TXOUTCLK[2]                                                        |             2.0 |
| GTYE4_CHANNEL_TXOUTCLK[2]_3                                                                                                                                                                                                                                                                                                                                                                                                | pcie4_uscale_plus_inst/inst/pcie4_uscale_plus_0_gt_top_i/diablo_gt.diablo_gt_phy_wrapper/gt_wizard.gtwizard_top_i/pcie4_uscale_plus_0_gt_i/inst/gen_gtwizard_gtye4_top.pcie4_uscale_plus_0_gt_gtwizard_gtye4_inst/gen_gtwizard_gtye4.gen_channel_container[31].gen_enabled_channel.gtye4_channel_wrapper_inst/channel_inst/GTYE4_CHANNEL_TXOUTCLK[2]                                                        |             2.0 |
| GTYE4_CHANNEL_TXOUTCLK[3]                                                                                                                                                                                                                                                                                                                                                                                                  | pcie4_uscale_plus_inst/inst/pcie4_uscale_plus_0_gt_top_i/diablo_gt.diablo_gt_phy_wrapper/gt_wizard.gtwizard_top_i/pcie4_uscale_plus_0_gt_i/inst/gen_gtwizard_gtye4_top.pcie4_uscale_plus_0_gt_gtwizard_gtye4_inst/gen_gtwizard_gtye4.gen_channel_container[28].gen_enabled_channel.gtye4_channel_wrapper_inst/channel_inst/GTYE4_CHANNEL_TXOUTCLK[3]                                                        |             2.0 |
| GTYE4_CHANNEL_TXOUTCLK[3]_1                                                                                                                                                                                                                                                                                                                                                                                                | pcie4_uscale_plus_inst/inst/pcie4_uscale_plus_0_gt_top_i/diablo_gt.diablo_gt_phy_wrapper/gt_wizard.gtwizard_top_i/pcie4_uscale_plus_0_gt_i/inst/gen_gtwizard_gtye4_top.pcie4_uscale_plus_0_gt_gtwizard_gtye4_inst/gen_gtwizard_gtye4.gen_channel_container[29].gen_enabled_channel.gtye4_channel_wrapper_inst/channel_inst/GTYE4_CHANNEL_TXOUTCLK[3]                                                        |             2.0 |
| GTYE4_CHANNEL_TXOUTCLK[3]_2                                                                                                                                                                                                                                                                                                                                                                                                | pcie4_uscale_plus_inst/inst/pcie4_uscale_plus_0_gt_top_i/diablo_gt.diablo_gt_phy_wrapper/gt_wizard.gtwizard_top_i/pcie4_uscale_plus_0_gt_i/inst/gen_gtwizard_gtye4_top.pcie4_uscale_plus_0_gt_gtwizard_gtye4_inst/gen_gtwizard_gtye4.gen_channel_container[30].gen_enabled_channel.gtye4_channel_wrapper_inst/channel_inst/GTYE4_CHANNEL_TXOUTCLK[3]                                                        |             2.0 |
| GTYE4_CHANNEL_TXOUTCLK[3]_3                                                                                                                                                                                                                                                                                                                                                                                                | pcie4_uscale_plus_inst/inst/pcie4_uscale_plus_0_gt_top_i/diablo_gt.diablo_gt_phy_wrapper/gt_wizard.gtwizard_top_i/pcie4_uscale_plus_0_gt_i/inst/gen_gtwizard_gtye4_top.pcie4_uscale_plus_0_gt_gtwizard_gtye4_inst/gen_gtwizard_gtye4.gen_channel_container[31].gen_enabled_channel.gtye4_channel_wrapper_inst/channel_inst/GTYE4_CHANNEL_TXOUTCLK[3]                                                        |             2.0 |
| cfgmclk                                                                                                                                                                                                                                                                                                                                                                                                                    | cfgmclk                                                                                                                                                                                                                                                                                                                                                                                                     |            15.0 |
| clk_125mhz_mmcm_out                                                                                                                                                                                                                                                                                                                                                                                                        | clk_125mhz_mmcm_out                                                                                                                                                                                                                                                                                                                                                                                         |             8.0 |
| clk_50mhz_mmcm_out                                                                                                                                                                                                                                                                                                                                                                                                         | clk_50mhz_mmcm_out                                                                                                                                                                                                                                                                                                                                                                                          |            20.0 |
| diablo_gt.diablo_gt_phy_wrapper/pclk2_gt                                                                                                                                                                                                                                                                                                                                                                                   | pcie4_uscale_plus_inst/inst/pcie4_uscale_plus_0_gt_top_i/diablo_gt.diablo_gt_phy_wrapper/phy_clk_i/CLK_PCLK2_GT                                                                                                                                                                                                                                                                                             |             4.0 |
| pcie4_uscale_plus_0_gt_top_i_n_116                                                                                                                                                                                                                                                                                                                                                                                         | pcie4_uscale_plus_inst/inst/pcie4_uscale_plus_0_gt_top_i/diablo_gt.diablo_gt_phy_wrapper/phy_clk_i/CLK_MCAPCLK                                                                                                                                                                                                                                                                                              |             8.0 |
| pcie4_uscale_plus_inst/inst/pcie4_uscale_plus_0_gt_top_i/diablo_gt.diablo_gt_phy_wrapper/gt_wizard.gtwizard_top_i/pcie4_uscale_plus_0_gt_i/inst/gen_gtwizard_gtye4_top.pcie4_uscale_plus_0_gt_gtwizard_gtye4_inst/gen_gtwizard_gtye4.gen_cpll_cal_gtye4.gen_cpll_cal_inst[0].gen_inst_cpll_cal.gtwizard_ultrascale_v1_7_14_gtye4_cpll_cal_inst/gtwizard_ultrascale_v1_7_14_gtye4_cpll_cal_tx_i/bufg_gt_txoutclkmon_inst/O  | pcie4_uscale_plus_inst/inst/pcie4_uscale_plus_0_gt_top_i/diablo_gt.diablo_gt_phy_wrapper/gt_wizard.gtwizard_top_i/pcie4_uscale_plus_0_gt_i/inst/gen_gtwizard_gtye4_top.pcie4_uscale_plus_0_gt_gtwizard_gtye4_inst/gen_gtwizard_gtye4.gen_cpll_cal_gtye4.gen_cpll_cal_inst[0].gen_inst_cpll_cal.gtwizard_ultrascale_v1_7_14_gtye4_cpll_cal_inst/gtwizard_ultrascale_v1_7_14_gtye4_cpll_cal_tx_i/txoutclkmon  |             8.0 |
| pcie4_uscale_plus_inst/inst/pcie4_uscale_plus_0_gt_top_i/diablo_gt.diablo_gt_phy_wrapper/gt_wizard.gtwizard_top_i/pcie4_uscale_plus_0_gt_i/inst/gen_gtwizard_gtye4_top.pcie4_uscale_plus_0_gt_gtwizard_gtye4_inst/gen_gtwizard_gtye4.gen_cpll_cal_gtye4.gen_cpll_cal_inst[10].gen_inst_cpll_cal.gtwizard_ultrascale_v1_7_14_gtye4_cpll_cal_inst/gtwizard_ultrascale_v1_7_14_gtye4_cpll_cal_tx_i/bufg_gt_txoutclkmon_inst/O | pcie4_uscale_plus_inst/inst/pcie4_uscale_plus_0_gt_top_i/diablo_gt.diablo_gt_phy_wrapper/gt_wizard.gtwizard_top_i/pcie4_uscale_plus_0_gt_i/inst/gen_gtwizard_gtye4_top.pcie4_uscale_plus_0_gt_gtwizard_gtye4_inst/gen_gtwizard_gtye4.gen_cpll_cal_gtye4.gen_cpll_cal_inst[10].gen_inst_cpll_cal.gtwizard_ultrascale_v1_7_14_gtye4_cpll_cal_inst/gtwizard_ultrascale_v1_7_14_gtye4_cpll_cal_tx_i/txoutclkmon |             8.0 |
| pcie4_uscale_plus_inst/inst/pcie4_uscale_plus_0_gt_top_i/diablo_gt.diablo_gt_phy_wrapper/gt_wizard.gtwizard_top_i/pcie4_uscale_plus_0_gt_i/inst/gen_gtwizard_gtye4_top.pcie4_uscale_plus_0_gt_gtwizard_gtye4_inst/gen_gtwizard_gtye4.gen_cpll_cal_gtye4.gen_cpll_cal_inst[11].gen_inst_cpll_cal.gtwizard_ultrascale_v1_7_14_gtye4_cpll_cal_inst/gtwizard_ultrascale_v1_7_14_gtye4_cpll_cal_tx_i/bufg_gt_txoutclkmon_inst/O | pcie4_uscale_plus_inst/inst/pcie4_uscale_plus_0_gt_top_i/diablo_gt.diablo_gt_phy_wrapper/gt_wizard.gtwizard_top_i/pcie4_uscale_plus_0_gt_i/inst/gen_gtwizard_gtye4_top.pcie4_uscale_plus_0_gt_gtwizard_gtye4_inst/gen_gtwizard_gtye4.gen_cpll_cal_gtye4.gen_cpll_cal_inst[11].gen_inst_cpll_cal.gtwizard_ultrascale_v1_7_14_gtye4_cpll_cal_inst/gtwizard_ultrascale_v1_7_14_gtye4_cpll_cal_tx_i/txoutclkmon |             8.0 |
| pcie4_uscale_plus_inst/inst/pcie4_uscale_plus_0_gt_top_i/diablo_gt.diablo_gt_phy_wrapper/gt_wizard.gtwizard_top_i/pcie4_uscale_plus_0_gt_i/inst/gen_gtwizard_gtye4_top.pcie4_uscale_plus_0_gt_gtwizard_gtye4_inst/gen_gtwizard_gtye4.gen_cpll_cal_gtye4.gen_cpll_cal_inst[12].gen_inst_cpll_cal.gtwizard_ultrascale_v1_7_14_gtye4_cpll_cal_inst/gtwizard_ultrascale_v1_7_14_gtye4_cpll_cal_tx_i/bufg_gt_txoutclkmon_inst/O | pcie4_uscale_plus_inst/inst/pcie4_uscale_plus_0_gt_top_i/diablo_gt.diablo_gt_phy_wrapper/gt_wizard.gtwizard_top_i/pcie4_uscale_plus_0_gt_i/inst/gen_gtwizard_gtye4_top.pcie4_uscale_plus_0_gt_gtwizard_gtye4_inst/gen_gtwizard_gtye4.gen_cpll_cal_gtye4.gen_cpll_cal_inst[12].gen_inst_cpll_cal.gtwizard_ultrascale_v1_7_14_gtye4_cpll_cal_inst/gtwizard_ultrascale_v1_7_14_gtye4_cpll_cal_tx_i/txoutclkmon |             8.0 |
| pcie4_uscale_plus_inst/inst/pcie4_uscale_plus_0_gt_top_i/diablo_gt.diablo_gt_phy_wrapper/gt_wizard.gtwizard_top_i/pcie4_uscale_plus_0_gt_i/inst/gen_gtwizard_gtye4_top.pcie4_uscale_plus_0_gt_gtwizard_gtye4_inst/gen_gtwizard_gtye4.gen_cpll_cal_gtye4.gen_cpll_cal_inst[13].gen_inst_cpll_cal.gtwizard_ultrascale_v1_7_14_gtye4_cpll_cal_inst/gtwizard_ultrascale_v1_7_14_gtye4_cpll_cal_tx_i/bufg_gt_txoutclkmon_inst/O | pcie4_uscale_plus_inst/inst/pcie4_uscale_plus_0_gt_top_i/diablo_gt.diablo_gt_phy_wrapper/gt_wizard.gtwizard_top_i/pcie4_uscale_plus_0_gt_i/inst/gen_gtwizard_gtye4_top.pcie4_uscale_plus_0_gt_gtwizard_gtye4_inst/gen_gtwizard_gtye4.gen_cpll_cal_gtye4.gen_cpll_cal_inst[13].gen_inst_cpll_cal.gtwizard_ultrascale_v1_7_14_gtye4_cpll_cal_inst/gtwizard_ultrascale_v1_7_14_gtye4_cpll_cal_tx_i/txoutclkmon |             8.0 |
| pcie4_uscale_plus_inst/inst/pcie4_uscale_plus_0_gt_top_i/diablo_gt.diablo_gt_phy_wrapper/gt_wizard.gtwizard_top_i/pcie4_uscale_plus_0_gt_i/inst/gen_gtwizard_gtye4_top.pcie4_uscale_plus_0_gt_gtwizard_gtye4_inst/gen_gtwizard_gtye4.gen_cpll_cal_gtye4.gen_cpll_cal_inst[14].gen_inst_cpll_cal.gtwizard_ultrascale_v1_7_14_gtye4_cpll_cal_inst/gtwizard_ultrascale_v1_7_14_gtye4_cpll_cal_tx_i/bufg_gt_txoutclkmon_inst/O | pcie4_uscale_plus_inst/inst/pcie4_uscale_plus_0_gt_top_i/diablo_gt.diablo_gt_phy_wrapper/gt_wizard.gtwizard_top_i/pcie4_uscale_plus_0_gt_i/inst/gen_gtwizard_gtye4_top.pcie4_uscale_plus_0_gt_gtwizard_gtye4_inst/gen_gtwizard_gtye4.gen_cpll_cal_gtye4.gen_cpll_cal_inst[14].gen_inst_cpll_cal.gtwizard_ultrascale_v1_7_14_gtye4_cpll_cal_inst/gtwizard_ultrascale_v1_7_14_gtye4_cpll_cal_tx_i/txoutclkmon |             8.0 |
| pcie4_uscale_plus_inst/inst/pcie4_uscale_plus_0_gt_top_i/diablo_gt.diablo_gt_phy_wrapper/gt_wizard.gtwizard_top_i/pcie4_uscale_plus_0_gt_i/inst/gen_gtwizard_gtye4_top.pcie4_uscale_plus_0_gt_gtwizard_gtye4_inst/gen_gtwizard_gtye4.gen_cpll_cal_gtye4.gen_cpll_cal_inst[15].gen_inst_cpll_cal.gtwizard_ultrascale_v1_7_14_gtye4_cpll_cal_inst/gtwizard_ultrascale_v1_7_14_gtye4_cpll_cal_tx_i/bufg_gt_txoutclkmon_inst/O | pcie4_uscale_plus_inst/inst/pcie4_uscale_plus_0_gt_top_i/diablo_gt.diablo_gt_phy_wrapper/gt_wizard.gtwizard_top_i/pcie4_uscale_plus_0_gt_i/inst/gen_gtwizard_gtye4_top.pcie4_uscale_plus_0_gt_gtwizard_gtye4_inst/gen_gtwizard_gtye4.gen_cpll_cal_gtye4.gen_cpll_cal_inst[15].gen_inst_cpll_cal.gtwizard_ultrascale_v1_7_14_gtye4_cpll_cal_inst/gtwizard_ultrascale_v1_7_14_gtye4_cpll_cal_tx_i/txoutclkmon |             8.0 |
| pcie4_uscale_plus_inst/inst/pcie4_uscale_plus_0_gt_top_i/diablo_gt.diablo_gt_phy_wrapper/gt_wizard.gtwizard_top_i/pcie4_uscale_plus_0_gt_i/inst/gen_gtwizard_gtye4_top.pcie4_uscale_plus_0_gt_gtwizard_gtye4_inst/gen_gtwizard_gtye4.gen_cpll_cal_gtye4.gen_cpll_cal_inst[1].gen_inst_cpll_cal.gtwizard_ultrascale_v1_7_14_gtye4_cpll_cal_inst/gtwizard_ultrascale_v1_7_14_gtye4_cpll_cal_tx_i/bufg_gt_txoutclkmon_inst/O  | pcie4_uscale_plus_inst/inst/pcie4_uscale_plus_0_gt_top_i/diablo_gt.diablo_gt_phy_wrapper/gt_wizard.gtwizard_top_i/pcie4_uscale_plus_0_gt_i/inst/gen_gtwizard_gtye4_top.pcie4_uscale_plus_0_gt_gtwizard_gtye4_inst/gen_gtwizard_gtye4.gen_cpll_cal_gtye4.gen_cpll_cal_inst[1].gen_inst_cpll_cal.gtwizard_ultrascale_v1_7_14_gtye4_cpll_cal_inst/gtwizard_ultrascale_v1_7_14_gtye4_cpll_cal_tx_i/txoutclkmon  |             8.0 |
| pcie4_uscale_plus_inst/inst/pcie4_uscale_plus_0_gt_top_i/diablo_gt.diablo_gt_phy_wrapper/gt_wizard.gtwizard_top_i/pcie4_uscale_plus_0_gt_i/inst/gen_gtwizard_gtye4_top.pcie4_uscale_plus_0_gt_gtwizard_gtye4_inst/gen_gtwizard_gtye4.gen_cpll_cal_gtye4.gen_cpll_cal_inst[2].gen_inst_cpll_cal.gtwizard_ultrascale_v1_7_14_gtye4_cpll_cal_inst/gtwizard_ultrascale_v1_7_14_gtye4_cpll_cal_tx_i/bufg_gt_txoutclkmon_inst/O  | pcie4_uscale_plus_inst/inst/pcie4_uscale_plus_0_gt_top_i/diablo_gt.diablo_gt_phy_wrapper/gt_wizard.gtwizard_top_i/pcie4_uscale_plus_0_gt_i/inst/gen_gtwizard_gtye4_top.pcie4_uscale_plus_0_gt_gtwizard_gtye4_inst/gen_gtwizard_gtye4.gen_cpll_cal_gtye4.gen_cpll_cal_inst[2].gen_inst_cpll_cal.gtwizard_ultrascale_v1_7_14_gtye4_cpll_cal_inst/gtwizard_ultrascale_v1_7_14_gtye4_cpll_cal_tx_i/txoutclkmon  |             8.0 |
| pcie4_uscale_plus_inst/inst/pcie4_uscale_plus_0_gt_top_i/diablo_gt.diablo_gt_phy_wrapper/gt_wizard.gtwizard_top_i/pcie4_uscale_plus_0_gt_i/inst/gen_gtwizard_gtye4_top.pcie4_uscale_plus_0_gt_gtwizard_gtye4_inst/gen_gtwizard_gtye4.gen_cpll_cal_gtye4.gen_cpll_cal_inst[3].gen_inst_cpll_cal.gtwizard_ultrascale_v1_7_14_gtye4_cpll_cal_inst/gtwizard_ultrascale_v1_7_14_gtye4_cpll_cal_tx_i/bufg_gt_txoutclkmon_inst/O  | pcie4_uscale_plus_inst/inst/pcie4_uscale_plus_0_gt_top_i/diablo_gt.diablo_gt_phy_wrapper/gt_wizard.gtwizard_top_i/pcie4_uscale_plus_0_gt_i/inst/gen_gtwizard_gtye4_top.pcie4_uscale_plus_0_gt_gtwizard_gtye4_inst/gen_gtwizard_gtye4.gen_cpll_cal_gtye4.gen_cpll_cal_inst[3].gen_inst_cpll_cal.gtwizard_ultrascale_v1_7_14_gtye4_cpll_cal_inst/gtwizard_ultrascale_v1_7_14_gtye4_cpll_cal_tx_i/txoutclkmon  |             8.0 |
| pcie4_uscale_plus_inst/inst/pcie4_uscale_plus_0_gt_top_i/diablo_gt.diablo_gt_phy_wrapper/gt_wizard.gtwizard_top_i/pcie4_uscale_plus_0_gt_i/inst/gen_gtwizard_gtye4_top.pcie4_uscale_plus_0_gt_gtwizard_gtye4_inst/gen_gtwizard_gtye4.gen_cpll_cal_gtye4.gen_cpll_cal_inst[4].gen_inst_cpll_cal.gtwizard_ultrascale_v1_7_14_gtye4_cpll_cal_inst/gtwizard_ultrascale_v1_7_14_gtye4_cpll_cal_tx_i/bufg_gt_txoutclkmon_inst/O  | pcie4_uscale_plus_inst/inst/pcie4_uscale_plus_0_gt_top_i/diablo_gt.diablo_gt_phy_wrapper/gt_wizard.gtwizard_top_i/pcie4_uscale_plus_0_gt_i/inst/gen_gtwizard_gtye4_top.pcie4_uscale_plus_0_gt_gtwizard_gtye4_inst/gen_gtwizard_gtye4.gen_cpll_cal_gtye4.gen_cpll_cal_inst[4].gen_inst_cpll_cal.gtwizard_ultrascale_v1_7_14_gtye4_cpll_cal_inst/gtwizard_ultrascale_v1_7_14_gtye4_cpll_cal_tx_i/txoutclkmon  |             8.0 |
| pcie4_uscale_plus_inst/inst/pcie4_uscale_plus_0_gt_top_i/diablo_gt.diablo_gt_phy_wrapper/gt_wizard.gtwizard_top_i/pcie4_uscale_plus_0_gt_i/inst/gen_gtwizard_gtye4_top.pcie4_uscale_plus_0_gt_gtwizard_gtye4_inst/gen_gtwizard_gtye4.gen_cpll_cal_gtye4.gen_cpll_cal_inst[5].gen_inst_cpll_cal.gtwizard_ultrascale_v1_7_14_gtye4_cpll_cal_inst/gtwizard_ultrascale_v1_7_14_gtye4_cpll_cal_tx_i/bufg_gt_txoutclkmon_inst/O  | pcie4_uscale_plus_inst/inst/pcie4_uscale_plus_0_gt_top_i/diablo_gt.diablo_gt_phy_wrapper/gt_wizard.gtwizard_top_i/pcie4_uscale_plus_0_gt_i/inst/gen_gtwizard_gtye4_top.pcie4_uscale_plus_0_gt_gtwizard_gtye4_inst/gen_gtwizard_gtye4.gen_cpll_cal_gtye4.gen_cpll_cal_inst[5].gen_inst_cpll_cal.gtwizard_ultrascale_v1_7_14_gtye4_cpll_cal_inst/gtwizard_ultrascale_v1_7_14_gtye4_cpll_cal_tx_i/txoutclkmon  |             8.0 |
| pcie4_uscale_plus_inst/inst/pcie4_uscale_plus_0_gt_top_i/diablo_gt.diablo_gt_phy_wrapper/gt_wizard.gtwizard_top_i/pcie4_uscale_plus_0_gt_i/inst/gen_gtwizard_gtye4_top.pcie4_uscale_plus_0_gt_gtwizard_gtye4_inst/gen_gtwizard_gtye4.gen_cpll_cal_gtye4.gen_cpll_cal_inst[6].gen_inst_cpll_cal.gtwizard_ultrascale_v1_7_14_gtye4_cpll_cal_inst/gtwizard_ultrascale_v1_7_14_gtye4_cpll_cal_tx_i/bufg_gt_txoutclkmon_inst/O  | pcie4_uscale_plus_inst/inst/pcie4_uscale_plus_0_gt_top_i/diablo_gt.diablo_gt_phy_wrapper/gt_wizard.gtwizard_top_i/pcie4_uscale_plus_0_gt_i/inst/gen_gtwizard_gtye4_top.pcie4_uscale_plus_0_gt_gtwizard_gtye4_inst/gen_gtwizard_gtye4.gen_cpll_cal_gtye4.gen_cpll_cal_inst[6].gen_inst_cpll_cal.gtwizard_ultrascale_v1_7_14_gtye4_cpll_cal_inst/gtwizard_ultrascale_v1_7_14_gtye4_cpll_cal_tx_i/txoutclkmon  |             8.0 |
| pcie4_uscale_plus_inst/inst/pcie4_uscale_plus_0_gt_top_i/diablo_gt.diablo_gt_phy_wrapper/gt_wizard.gtwizard_top_i/pcie4_uscale_plus_0_gt_i/inst/gen_gtwizard_gtye4_top.pcie4_uscale_plus_0_gt_gtwizard_gtye4_inst/gen_gtwizard_gtye4.gen_cpll_cal_gtye4.gen_cpll_cal_inst[7].gen_inst_cpll_cal.gtwizard_ultrascale_v1_7_14_gtye4_cpll_cal_inst/gtwizard_ultrascale_v1_7_14_gtye4_cpll_cal_tx_i/bufg_gt_txoutclkmon_inst/O  | pcie4_uscale_plus_inst/inst/pcie4_uscale_plus_0_gt_top_i/diablo_gt.diablo_gt_phy_wrapper/gt_wizard.gtwizard_top_i/pcie4_uscale_plus_0_gt_i/inst/gen_gtwizard_gtye4_top.pcie4_uscale_plus_0_gt_gtwizard_gtye4_inst/gen_gtwizard_gtye4.gen_cpll_cal_gtye4.gen_cpll_cal_inst[7].gen_inst_cpll_cal.gtwizard_ultrascale_v1_7_14_gtye4_cpll_cal_inst/gtwizard_ultrascale_v1_7_14_gtye4_cpll_cal_tx_i/txoutclkmon  |             8.0 |
| pcie4_uscale_plus_inst/inst/pcie4_uscale_plus_0_gt_top_i/diablo_gt.diablo_gt_phy_wrapper/gt_wizard.gtwizard_top_i/pcie4_uscale_plus_0_gt_i/inst/gen_gtwizard_gtye4_top.pcie4_uscale_plus_0_gt_gtwizard_gtye4_inst/gen_gtwizard_gtye4.gen_cpll_cal_gtye4.gen_cpll_cal_inst[8].gen_inst_cpll_cal.gtwizard_ultrascale_v1_7_14_gtye4_cpll_cal_inst/gtwizard_ultrascale_v1_7_14_gtye4_cpll_cal_tx_i/bufg_gt_txoutclkmon_inst/O  | pcie4_uscale_plus_inst/inst/pcie4_uscale_plus_0_gt_top_i/diablo_gt.diablo_gt_phy_wrapper/gt_wizard.gtwizard_top_i/pcie4_uscale_plus_0_gt_i/inst/gen_gtwizard_gtye4_top.pcie4_uscale_plus_0_gt_gtwizard_gtye4_inst/gen_gtwizard_gtye4.gen_cpll_cal_gtye4.gen_cpll_cal_inst[8].gen_inst_cpll_cal.gtwizard_ultrascale_v1_7_14_gtye4_cpll_cal_inst/gtwizard_ultrascale_v1_7_14_gtye4_cpll_cal_tx_i/txoutclkmon  |             8.0 |
| pcie4_uscale_plus_inst/inst/pcie4_uscale_plus_0_gt_top_i/diablo_gt.diablo_gt_phy_wrapper/gt_wizard.gtwizard_top_i/pcie4_uscale_plus_0_gt_i/inst/gen_gtwizard_gtye4_top.pcie4_uscale_plus_0_gt_gtwizard_gtye4_inst/gen_gtwizard_gtye4.gen_cpll_cal_gtye4.gen_cpll_cal_inst[9].gen_inst_cpll_cal.gtwizard_ultrascale_v1_7_14_gtye4_cpll_cal_inst/gtwizard_ultrascale_v1_7_14_gtye4_cpll_cal_tx_i/bufg_gt_txoutclkmon_inst/O  | pcie4_uscale_plus_inst/inst/pcie4_uscale_plus_0_gt_top_i/diablo_gt.diablo_gt_phy_wrapper/gt_wizard.gtwizard_top_i/pcie4_uscale_plus_0_gt_i/inst/gen_gtwizard_gtye4_top.pcie4_uscale_plus_0_gt_gtwizard_gtye4_inst/gen_gtwizard_gtye4.gen_cpll_cal_gtye4.gen_cpll_cal_inst[9].gen_inst_cpll_cal.gtwizard_ultrascale_v1_7_14_gtye4_cpll_cal_inst/gtwizard_ultrascale_v1_7_14_gtye4_cpll_cal_tx_i/txoutclkmon  |             8.0 |
| pcie4_uscale_plus_inst/inst/pcie4_uscale_plus_0_gt_top_i/diablo_gt.diablo_gt_phy_wrapper/phy_clk_i/bufg_gt_intclk/O                                                                                                                                                                                                                                                                                                        | pcie4_uscale_plus_inst/inst/pcie4_uscale_plus_0_gt_top_i/diablo_gt.diablo_gt_phy_wrapper/phy_clk_i/CLK_INTCLK                                                                                                                                                                                                                                                                                               |          1000.0 |
| pcie_mgt_refclk_1                                                                                                                                                                                                                                                                                                                                                                                                          | pcie_refclk_p                                                                                                                                                                                                                                                                                                                                                                                               |            10.0 |
| pcie_user_clk                                                                                                                                                                                                                                                                                                                                                                                                              | pcie4_uscale_plus_inst/inst/pcie4_uscale_plus_0_gt_top_i/diablo_gt.diablo_gt_phy_wrapper/phy_clk_i/CLK_USERCLK                                                                                                                                                                                                                                                                                              |             4.0 |
| qpll0outclk_out[0]                                                                                                                                                                                                                                                                                                                                                                                                         | qsfp0_cmac_inst/gty_ch_1/xcvr_gty_com.cmac_gty_full_inst/inst/gen_gtwizard_gtye4_top.cmac_gty_full_gtwizard_gtye4_inst/gen_gtwizard_gtye4.gen_common.gen_common_container[28].gen_enabled_common.gtye4_common_wrapper_inst/common_inst/qpll0outclk_out[0]                                                                                                                                                   |             0.1 |
| qpll0outclk_out[0]_1                                                                                                                                                                                                                                                                                                                                                                                                       | qsfp1_cmac_inst/gty_ch_1/xcvr_gty_com.cmac_gty_full_inst/inst/gen_gtwizard_gtye4_top.cmac_gty_full_gtwizard_gtye4_inst/gen_gtwizard_gtye4.gen_common.gen_common_container[28].gen_enabled_common.gtye4_common_wrapper_inst/common_inst/qpll0outclk_out[0]                                                                                                                                                   |             0.1 |
| qpll0outrefclk_out[0]                                                                                                                                                                                                                                                                                                                                                                                                      | qsfp0_cmac_inst/gty_ch_1/xcvr_gty_com.cmac_gty_full_inst/inst/gen_gtwizard_gtye4_top.cmac_gty_full_gtwizard_gtye4_inst/gen_gtwizard_gtye4.gen_common.gen_common_container[28].gen_enabled_common.gtye4_common_wrapper_inst/common_inst/qpll0outrefclk_out[0]                                                                                                                                                |             6.2 |
| qpll0outrefclk_out[0]_1                                                                                                                                                                                                                                                                                                                                                                                                    | qsfp1_cmac_inst/gty_ch_1/xcvr_gty_com.cmac_gty_full_inst/inst/gen_gtwizard_gtye4_top.cmac_gty_full_gtwizard_gtye4_inst/gen_gtwizard_gtye4.gen_common.gen_common_container[28].gen_enabled_common.gtye4_common_wrapper_inst/common_inst/qpll0outrefclk_out[0]                                                                                                                                                |             6.2 |
| qpll1outclk_out[0]                                                                                                                                                                                                                                                                                                                                                                                                         | qsfp0_cmac_inst/gty_ch_1/xcvr_gty_com.cmac_gty_full_inst/inst/gen_gtwizard_gtye4_top.cmac_gty_full_gtwizard_gtye4_inst/gen_gtwizard_gtye4.gen_common.gen_common_container[28].gen_enabled_common.gtye4_common_wrapper_inst/common_inst/qpll1outclk_out[0]                                                                                                                                                   |             0.2 |
| qpll1outclk_out[0]_1                                                                                                                                                                                                                                                                                                                                                                                                       | qsfp1_cmac_inst/gty_ch_1/xcvr_gty_com.cmac_gty_full_inst/inst/gen_gtwizard_gtye4_top.cmac_gty_full_gtwizard_gtye4_inst/gen_gtwizard_gtye4.gen_common.gen_common_container[28].gen_enabled_common.gtye4_common_wrapper_inst/common_inst/qpll1outclk_out[0]                                                                                                                                                   |             0.2 |
| qpll1outrefclk_out[0]                                                                                                                                                                                                                                                                                                                                                                                                      | qsfp0_cmac_inst/gty_ch_1/xcvr_gty_com.cmac_gty_full_inst/inst/gen_gtwizard_gtye4_top.cmac_gty_full_gtwizard_gtye4_inst/gen_gtwizard_gtye4.gen_common.gen_common_container[28].gen_enabled_common.gtye4_common_wrapper_inst/common_inst/qpll1outrefclk_out[0]                                                                                                                                                |             6.2 |
| qpll1outrefclk_out[0]_1                                                                                                                                                                                                                                                                                                                                                                                                    | qsfp1_cmac_inst/gty_ch_1/xcvr_gty_com.cmac_gty_full_inst/inst/gen_gtwizard_gtye4_top.cmac_gty_full_gtwizard_gtye4_inst/gen_gtwizard_gtye4.gen_common.gen_common_container[28].gen_enabled_common.gtye4_common_wrapper_inst/common_inst/qpll1outrefclk_out[0]                                                                                                                                                |             6.2 |
| qsfp0_mgt_refclk_1                                                                                                                                                                                                                                                                                                                                                                                                         | qsfp0_mgt_refclk_1_p                                                                                                                                                                                                                                                                                                                                                                                        |             6.2 |
| qsfp1_mgt_refclk_1                                                                                                                                                                                                                                                                                                                                                                                                         | qsfp1_mgt_refclk_1_p                                                                                                                                                                                                                                                                                                                                                                                        |             6.2 |
| rxoutclk_out[0]                                                                                                                                                                                                                                                                                                                                                                                                            | qsfp0_cmac_inst/gty_ch_1/xcvr_gty_com.cmac_gty_full_inst/inst/gen_gtwizard_gtye4_top.cmac_gty_full_gtwizard_gtye4_inst/gen_gtwizard_gtye4.gen_channel_container[28].gen_enabled_channel.gtye4_channel_wrapper_inst/channel_inst/rxoutclk_out[0]                                                                                                                                                             |             3.1 |
| rxoutclk_out[0]_1                                                                                                                                                                                                                                                                                                                                                                                                          | qsfp1_cmac_inst/gty_ch_1/xcvr_gty_com.cmac_gty_full_inst/inst/gen_gtwizard_gtye4_top.cmac_gty_full_gtwizard_gtye4_inst/gen_gtwizard_gtye4.gen_channel_container[28].gen_enabled_channel.gtye4_channel_wrapper_inst/channel_inst/rxoutclk_out[0]                                                                                                                                                             |             3.1 |
| txoutclk_out[0]                                                                                                                                                                                                                                                                                                                                                                                                            | qsfp0_cmac_inst/gty_ch_1/xcvr_gty_com.cmac_gty_full_inst/inst/gen_gtwizard_gtye4_top.cmac_gty_full_gtwizard_gtye4_inst/gen_gtwizard_gtye4.gen_channel_container[28].gen_enabled_channel.gtye4_channel_wrapper_inst/channel_inst/txoutclk_out[0]                                                                                                                                                             |             3.1 |
| txoutclk_out[0]_1                                                                                                                                                                                                                                                                                                                                                                                                          | qsfp1_cmac_inst/gty_ch_1/xcvr_gty_com.cmac_gty_full_inst/inst/gen_gtwizard_gtye4_top.cmac_gty_full_gtwizard_gtye4_inst/gen_gtwizard_gtye4.gen_channel_container[28].gen_enabled_channel.gtye4_channel_wrapper_inst/channel_inst/txoutclk_out[0]                                                                                                                                                             |             3.1 |
| txoutclkpcs_out[0]                                                                                                                                                                                                                                                                                                                                                                                                         | qsfp0_cmac_inst/gty_ch_1/xcvr_gty_com.cmac_gty_full_inst/inst/gen_gtwizard_gtye4_top.cmac_gty_full_gtwizard_gtye4_inst/gen_gtwizard_gtye4.gen_channel_container[28].gen_enabled_channel.gtye4_channel_wrapper_inst/channel_inst/txoutclkpcs_out[0]                                                                                                                                                          |             3.1 |
| txoutclkpcs_out[0]_1                                                                                                                                                                                                                                                                                                                                                                                                       | qsfp0_cmac_inst/gty_ch_2/xcvr_gty.cmac_gty_channel_inst/inst/gen_gtwizard_gtye4_top.cmac_gty_channel_gtwizard_gtye4_inst/gen_gtwizard_gtye4.gen_channel_container[28].gen_enabled_channel.gtye4_channel_wrapper_inst/channel_inst/txoutclkpcs_out[0]                                                                                                                                                        |             3.1 |
| txoutclkpcs_out[0]_2                                                                                                                                                                                                                                                                                                                                                                                                       | qsfp0_cmac_inst/gty_ch_3/xcvr_gty.cmac_gty_channel_inst/inst/gen_gtwizard_gtye4_top.cmac_gty_channel_gtwizard_gtye4_inst/gen_gtwizard_gtye4.gen_channel_container[28].gen_enabled_channel.gtye4_channel_wrapper_inst/channel_inst/txoutclkpcs_out[0]                                                                                                                                                        |             3.1 |
| txoutclkpcs_out[0]_3                                                                                                                                                                                                                                                                                                                                                                                                       | qsfp0_cmac_inst/gty_ch_4/xcvr_gty.cmac_gty_channel_inst/inst/gen_gtwizard_gtye4_top.cmac_gty_channel_gtwizard_gtye4_inst/gen_gtwizard_gtye4.gen_channel_container[28].gen_enabled_channel.gtye4_channel_wrapper_inst/channel_inst/txoutclkpcs_out[0]                                                                                                                                                        |             3.1 |
| txoutclkpcs_out[0]_4                                                                                                                                                                                                                                                                                                                                                                                                       | qsfp1_cmac_inst/gty_ch_1/xcvr_gty_com.cmac_gty_full_inst/inst/gen_gtwizard_gtye4_top.cmac_gty_full_gtwizard_gtye4_inst/gen_gtwizard_gtye4.gen_channel_container[28].gen_enabled_channel.gtye4_channel_wrapper_inst/channel_inst/txoutclkpcs_out[0]                                                                                                                                                          |             3.1 |
| txoutclkpcs_out[0]_5                                                                                                                                                                                                                                                                                                                                                                                                       | qsfp1_cmac_inst/gty_ch_2/xcvr_gty.cmac_gty_channel_inst/inst/gen_gtwizard_gtye4_top.cmac_gty_channel_gtwizard_gtye4_inst/gen_gtwizard_gtye4.gen_channel_container[28].gen_enabled_channel.gtye4_channel_wrapper_inst/channel_inst/txoutclkpcs_out[0]                                                                                                                                                        |             3.1 |
| txoutclkpcs_out[0]_6                                                                                                                                                                                                                                                                                                                                                                                                       | qsfp1_cmac_inst/gty_ch_3/xcvr_gty.cmac_gty_channel_inst/inst/gen_gtwizard_gtye4_top.cmac_gty_channel_gtwizard_gtye4_inst/gen_gtwizard_gtye4.gen_channel_container[28].gen_enabled_channel.gtye4_channel_wrapper_inst/channel_inst/txoutclkpcs_out[0]                                                                                                                                                        |             3.1 |
| txoutclkpcs_out[0]_7                                                                                                                                                                                                                                                                                                                                                                                                       | qsfp1_cmac_inst/gty_ch_4/xcvr_gty.cmac_gty_channel_inst/inst/gen_gtwizard_gtye4_top.cmac_gty_channel_gtwizard_gtye4_inst/gen_gtwizard_gtye4.gen_channel_container[28].gen_enabled_channel.gtye4_channel_wrapper_inst/channel_inst/txoutclkpcs_out[0]                                                                                                                                                        |             3.1 |
+----------------------------------------------------------------------------------------------------------------------------------------------------------------------------------------------------------------------------------------------------------------------------------------------------------------------------------------------------------------------------------------------------------------------------+-------------------------------------------------------------------------------------------------------------------------------------------------------------------------------------------------------------------------------------------------------------------------------------------------------------------------------------------------------------------------------------------------------------+-----------------+


3. Detailed Reports
-------------------

3.1 By Hierarchy
----------------

+----------------------------------------------+-----------+
| Name                                         | Power (W) |
+----------------------------------------------+-----------+
| fpga                                         |    14.224 |
|   cms_axil_cdc_inst                          |     0.002 |
|   cms_inst                                   |     0.025 |
|     cms_i                                    |     0.025 |
|       cms_subsystem_0                        |     0.025 |
|   core_inst                                  |     4.505 |
|     core_inst                                |     4.500 |
|       core_pcie_inst                         |     4.262 |
|       pcie_if_inst                           |     0.238 |
|     qsfp0_rb_drp_inst                        |     0.002 |
|     qsfp1_rb_drp_inst                        |     0.002 |
|   pcie4_uscale_plus_inst                     |     5.992 |
|     inst                                     |     5.992 |
|       pcie4_uscale_plus_0_gt_top_i           |     4.960 |
|       pcie4_uscale_plus_0_pcie_4_0_pipe_inst |     1.032 |
|   qsfp0_cmac_inst                            |     1.854 |
|     cmac_inst                                |     0.696 |
|       inst                                   |     0.696 |
|     gty_ch_1                                 |     0.282 |
|       xcvr_gty_com.cmac_gty_full_inst        |     0.278 |
|     gty_ch_2                                 |     0.280 |
|       xcvr_gty.cmac_gty_channel_inst         |     0.277 |
|     gty_ch_3                                 |     0.280 |
|       xcvr_gty.cmac_gty_channel_inst         |     0.277 |
|     gty_ch_4                                 |     0.281 |
|       xcvr_gty.cmac_gty_channel_inst         |     0.278 |
|     mac_ts_insert_inst                       |     0.022 |
|   qsfp1_cmac_inst                            |     1.815 |
|     cmac_inst                                |     0.656 |
|       inst                                   |     0.656 |
|     gty_ch_1                                 |     0.282 |
|       xcvr_gty_com.cmac_gty_full_inst        |     0.278 |
|     gty_ch_2                                 |     0.281 |
|       xcvr_gty.cmac_gty_channel_inst         |     0.278 |
|     gty_ch_3                                 |     0.281 |
|       xcvr_gty.cmac_gty_channel_inst         |     0.278 |
|     gty_ch_4                                 |     0.281 |
|       xcvr_gty.cmac_gty_channel_inst         |     0.278 |
|     mac_ts_insert_inst                       |     0.020 |
|   qsfp1_sync_reset_inst                      |     0.001 |
+----------------------------------------------+-----------+


